This file contains any messages produced by compilers while
running configure, to aid debugging if configure makes a mistake.

It was created by Rockchip rkdeveloptool configure 1.32, which was
generated by GNU Autoconf 2.71.  Invocation command line was

  $ ./configure

## --------- ##
## Platform. ##
## --------- ##

hostname = 7945HX
uname -m = x86_64
uname -r = 7.0.0-31-generic
uname -s = Linux
uname -v = #31~24.04.1-Ubuntu SMP PREEMPT_DYNAMIC Mon Aug 10 09:38:02 UTC 2

/usr/bin/uname -p = x86_64
/bin/uname -X     = unknown

/bin/arch              = x86_64
/usr/bin/arch -k       = unknown
/usr/convex/getsysinfo = unknown
/usr/bin/hostinfo      = unknown
/bin/machine           = unknown
/usr/bin/oslevel       = unknown
/bin/universe          = unknown

PATH: /root/.opencode/bin/
PATH: /usr/local/sbin/
PATH: /usr/local/bin/
PATH: /usr/sbin/
PATH: /usr/bin/
PATH: /sbin/
PATH: /bin/
PATH: /usr/games/
PATH: /usr/local/games/
PATH: /snap/bin/


## ----------- ##
## Core tests. ##
## ----------- ##

configure:2478: looking for aux files: config.guess config.sub compile missing install-sh
configure:2491:  trying ./cfg/
configure:2520:   ./cfg/config.guess found
configure:2520:   ./cfg/config.sub found
configure:2520:   ./cfg/compile found
configure:2520:   ./cfg/missing found
configure:2502:   ./cfg/install-sh found
configure:2652: checking for a BSD-compatible install
configure:2725: result: /usr/bin/install -c
configure:2736: checking whether build environment is sane
configure:2791: result: yes
configure:2950: checking for a race-free mkdir -p
configure:2994: result: /usr/bin/mkdir -p
configure:3001: checking for gawk
configure:3022: found /usr/bin/gawk
configure:3033: result: gawk
configure:3044: checking whether make sets $(MAKE)
configure:3067: result: yes
configure:3097: checking whether make supports nested variables
configure:3115: result: yes
configure:3269: checking whether make supports the include directive
configure:3284: make -f confmf.GNU && cat confinc.out
this is the am__doit target
configure:3287: $? = 0
configure:3306: result: yes (GNU style)
configure:3382: checking for gcc
configure:3403: found /usr/bin/gcc
configure:3414: result: gcc
configure:3767: checking for C compiler version
configure:3776: gcc --version >&5
gcc (Ubuntu 13.3.0-6ubuntu2~24.04.1) 13.3.0
Copyright (C) 2023 Free Software Foundation, Inc.
This is free software; see the source for copying conditions.  There is NO
warranty; not even for MERCHANTABILITY or FITNESS FOR A PARTICULAR PURPOSE.

configure:3787: $? = 0
configure:3776: gcc -v >&5
Using built-in specs.
COLLECT_GCC=gcc
COLLECT_LTO_WRAPPER=/usr/libexec/gcc/x86_64-linux-gnu/13/lto-wrapper
OFFLOAD_TARGET_NAMES=nvptx-none:amdgcn-amdhsa
OFFLOAD_TARGET_DEFAULT=1
Target: x86_64-linux-gnu
Configured with: ../src/configure -v --with-pkgversion='Ubuntu 13.3.0-6ubuntu2~24.04.1' --with-bugurl=file:///usr/share/doc/gcc-13/README.Bugs --enable-languages=c,ada,c++,go,d,fortran,objc,obj-c++,m2 --prefix=/usr --with-gcc-major-version-only --program-suffix=-13 --program-prefix=x86_64-linux-gnu- --enable-shared --enable-linker-build-id --libexecdir=/usr/libexec --without-included-gettext --enable-threads=posix --libdir=/usr/lib --enable-nls --enable-bootstrap --enable-clocale=gnu --enable-libstdcxx-debug --enable-libstdcxx-time=yes --with-default-libstdcxx-abi=new --enable-libstdcxx-backtrace --enable-gnu-unique-object --disable-vtable-verify --enable-plugin --enable-default-pie --with-system-zlib --enable-libphobos-checking=release --with-target-system-zlib=auto --enable-objc-gc=auto --enable-multiarch --disable-werror --enable-cet --with-arch-32=i686 --with-abi=m64 --with-multilib-list=m32,m64,mx32 --enable-multilib --with-tune=generic --enable-offload-targets=nvptx-none=/build/gcc-13-EldibY/gcc-13-13.3.0/debian/tmp-nvptx/usr,amdgcn-amdhsa=/build/gcc-13-EldibY/gcc-13-13.3.0/debian/tmp-gcn/usr --enable-offload-defaulted --without-cuda-driver --enable-checking=release --build=x86_64-linux-gnu --host=x86_64-linux-gnu --target=x86_64-linux-gnu --with-build-config=bootstrap-lto-lean --enable-link-serialization=2
Thread model: posix
Supported LTO compression algorithms: zlib zstd
gcc version 13.3.0 (Ubuntu 13.3.0-6ubuntu2~24.04.1) 
... rest of stderr output deleted ...
configure:3787: $? = 0
configure:3776: gcc -V >&5
gcc: error: unrecognized command-line option '-V'
gcc: fatal error: no input files
compilation terminated.
configure:3787: $? = 1
configure:3776: gcc -qversion >&5
gcc: error: unrecognized command-line option '-qversion'; did you mean '--version'?
gcc: fatal error: no input files
compilation terminated.
configure:3787: $? = 1
configure:3776: gcc -version >&5
gcc: error: unrecognized command-line option '-version'
gcc: fatal error: no input files
compilation terminated.
configure:3787: $? = 1
configure:3807: checking whether the C compiler works
configure:3829: gcc    conftest.c  >&5
configure:3833: $? = 0
configure:3883: result: yes
configure:3886: checking for C compiler default output file name
configure:3888: result: a.out
configure:3894: checking for suffix of executables
configure:3901: gcc -o conftest    conftest.c  >&5
configure:3905: $? = 0
configure:3928: result: 
configure:3950: checking whether we are cross compiling
configure:3958: gcc -o conftest    conftest.c  >&5
configure:3962: $? = 0
configure:3969: ./conftest
configure:3973: $? = 0
configure:3988: result: no
configure:3993: checking for suffix of object files
configure:4016: gcc -c   conftest.c >&5
configure:4020: $? = 0
configure:4042: result: o
configure:4046: checking whether the compiler supports GNU C
configure:4066: gcc -c   conftest.c >&5
configure:4066: $? = 0
configure:4076: result: yes
configure:4087: checking whether gcc accepts -g
configure:4108: gcc -c -g  conftest.c >&5
configure:4108: $? = 0
configure:4152: result: yes
configure:4172: checking for gcc option to enable C11 features
configure:4187: gcc  -c -g -O2  conftest.c >&5
configure:4187: $? = 0
configure:4205: result: none needed
configure:4321: checking whether gcc understands -c and -o together
configure:4344: gcc -c conftest.c -o conftest2.o
configure:4347: $? = 0
configure:4344: gcc -c conftest.c -o conftest2.o
configure:4347: $? = 0
configure:4359: result: yes
configure:4378: checking dependency style of gcc
configure:4490: result: gcc3
configure:4510: checking how to run the C preprocessor
configure:4536: gcc -E  conftest.c
configure:4536: $? = 0
configure:4551: gcc -E  conftest.c
conftest.c:11:10: fatal error: ac_nonexistent.h: No such file or directory
   11 | #include <ac_nonexistent.h>
      |          ^~~~~~~~~~~~~~~~~~
compilation terminated.
configure:4551: $? = 1
configure: failed program was:
| /* confdefs.h */
| #define PACKAGE_NAME "Rockchip rkdeveloptool"
| #define PACKAGE_TARNAME "rkdeveloptool"
| #define PACKAGE_VERSION "1.32"
| #define PACKAGE_STRING "Rockchip rkdeveloptool 1.32"
| #define PACKAGE_BUGREPORT "Eddie Cai <eddie.cai.linux@gmail.com>"
| #define PACKAGE_URL ""
| #define PACKAGE "rkdeveloptool"
| #define VERSION "1.32"
| /* end confdefs.h.  */
| #include <ac_nonexistent.h>
configure:4578: result: gcc -E
configure:4592: gcc -E  conftest.c
configure:4592: $? = 0
configure:4607: gcc -E  conftest.c
conftest.c:11:10: fatal error: ac_nonexistent.h: No such file or directory
   11 | #include <ac_nonexistent.h>
      |          ^~~~~~~~~~~~~~~~~~
compilation terminated.
configure:4607: $? = 1
configure: failed program was:
| /* confdefs.h */
| #define PACKAGE_NAME "Rockchip rkdeveloptool"
| #define PACKAGE_TARNAME "rkdeveloptool"
| #define PACKAGE_VERSION "1.32"
| #define PACKAGE_STRING "Rockchip rkdeveloptool 1.32"
| #define PACKAGE_BUGREPORT "Eddie Cai <eddie.cai.linux@gmail.com>"
| #define PACKAGE_URL ""
| #define PACKAGE "rkdeveloptool"
| #define VERSION "1.32"
| /* end confdefs.h.  */
| #include <ac_nonexistent.h>
configure:4706: checking for g++
configure:4727: found /usr/bin/g++
configure:4738: result: g++
configure:4765: checking for C++ compiler version
configure:4774: g++ --version >&5
g++ (Ubuntu 13.3.0-6ubuntu2~24.04.1) 13.3.0
Copyright (C) 2023 Free Software Foundation, Inc.
This is free software; see the source for copying conditions.  There is NO
warranty; not even for MERCHANTABILITY or FITNESS FOR A PARTICULAR PURPOSE.

configure:4785: $? = 0
configure:4774: g++ -v >&5
Using built-in specs.
COLLECT_GCC=g++
COLLECT_LTO_WRAPPER=/usr/libexec/gcc/x86_64-linux-gnu/13/lto-wrapper
OFFLOAD_TARGET_NAMES=nvptx-none:amdgcn-amdhsa
OFFLOAD_TARGET_DEFAULT=1
Target: x86_64-linux-gnu
Configured with: ../src/configure -v --with-pkgversion='Ubuntu 13.3.0-6ubuntu2~24.04.1' --with-bugurl=file:///usr/share/doc/gcc-13/README.Bugs --enable-languages=c,ada,c++,go,d,fortran,objc,obj-c++,m2 --prefix=/usr --with-gcc-major-version-only --program-suffix=-13 --program-prefix=x86_64-linux-gnu- --enable-shared --enable-linker-build-id --libexecdir=/usr/libexec --without-included-gettext --enable-threads=posix --libdir=/usr/lib --enable-nls --enable-bootstrap --enable-clocale=gnu --enable-libstdcxx-debug --enable-libstdcxx-time=yes --with-default-libstdcxx-abi=new --enable-libstdcxx-backtrace --enable-gnu-unique-object --disable-vtable-verify --enable-plugin --enable-default-pie --with-system-zlib --enable-libphobos-checking=release --with-target-system-zlib=auto --enable-objc-gc=auto --enable-multiarch --disable-werror --enable-cet --with-arch-32=i686 --with-abi=m64 --with-multilib-list=m32,m64,mx32 --enable-multilib --with-tune=generic --enable-offload-targets=nvptx-none=/build/gcc-13-EldibY/gcc-13-13.3.0/debian/tmp-nvptx/usr,amdgcn-amdhsa=/build/gcc-13-EldibY/gcc-13-13.3.0/debian/tmp-gcn/usr --enable-offload-defaulted --without-cuda-driver --enable-checking=release --build=x86_64-linux-gnu --host=x86_64-linux-gnu --target=x86_64-linux-gnu --with-build-config=bootstrap-lto-lean --enable-link-serialization=2
Thread model: posix
Supported LTO compression algorithms: zlib zstd
gcc version 13.3.0 (Ubuntu 13.3.0-6ubuntu2~24.04.1) 
... rest of stderr output deleted ...
configure:4785: $? = 0
configure:4774: g++ -V >&5
g++: error: unrecognized command-line option '-V'
g++: fatal error: no input files
compilation terminated.
configure:4785: $? = 1
configure:4774: g++ -qversion >&5
g++: error: unrecognized command-line option '-qversion'; did you mean '--version'?
g++: fatal error: no input files
compilation terminated.
configure:4785: $? = 1
configure:4789: checking whether the compiler supports GNU C++
configure:4809: g++ -c   conftest.cpp >&5
configure:4809: $? = 0
configure:4819: result: yes
configure:4830: checking whether g++ accepts -g
configure:4851: g++ -c -g  conftest.cpp >&5
configure:4851: $? = 0
configure:4895: result: yes
configure:4915: checking for g++ option to enable C++11 features
configure:4930: g++  -c -g -O2  conftest.cpp >&5
conftest.cpp: In function 'int main(int, char**)':
conftest.cpp:177:25: warning: empty parentheses were disambiguated as a function declaration [-Wvexing-parse]
  177 |   cxx11test::delegate d2();
      |                         ^~
conftest.cpp:177:25: note: remove parentheses to default-initialize a variable
  177 |   cxx11test::delegate d2();
      |                         ^~
      |                         --
conftest.cpp:177:25: note: or replace parentheses with braces to value-initialize a variable
configure:4930: $? = 0
configure:4948: result: none needed
configure:5014: checking dependency style of g++
configure:5126: result: gcc3
configure:5146: checking how to run the C++ preprocessor
configure:5168: g++ -E  conftest.cpp
configure:5168: $? = 0
configure:5183: g++ -E  conftest.cpp
conftest.cpp:11:10: fatal error: ac_nonexistent.h: No such file or directory
   11 | #include <ac_nonexistent.h>
      |          ^~~~~~~~~~~~~~~~~~
compilation terminated.
configure:5183: $? = 1
configure: failed program was:
| /* confdefs.h */
| #define PACKAGE_NAME "Rockchip rkdeveloptool"
| #define PACKAGE_TARNAME "rkdeveloptool"
| #define PACKAGE_VERSION "1.32"
| #define PACKAGE_STRING "Rockchip rkdeveloptool 1.32"
| #define PACKAGE_BUGREPORT "Eddie Cai <eddie.cai.linux@gmail.com>"
| #define PACKAGE_URL ""
| #define PACKAGE "rkdeveloptool"
| #define VERSION "1.32"
| /* end confdefs.h.  */
| #include <ac_nonexistent.h>
configure:5210: result: g++ -E
configure:5224: g++ -E  conftest.cpp
configure:5224: $? = 0
configure:5239: g++ -E  conftest.cpp
conftest.cpp:11:10: fatal error: ac_nonexistent.h: No such file or directory
   11 | #include <ac_nonexistent.h>
      |          ^~~~~~~~~~~~~~~~~~
compilation terminated.
configure:5239: $? = 1
configure: failed program was:
| /* confdefs.h */
| #define PACKAGE_NAME "Rockchip rkdeveloptool"
| #define PACKAGE_TARNAME "rkdeveloptool"
| #define PACKAGE_VERSION "1.32"
| #define PACKAGE_STRING "Rockchip rkdeveloptool 1.32"
| #define PACKAGE_BUGREPORT "Eddie Cai <eddie.cai.linux@gmail.com>"
| #define PACKAGE_URL ""
| #define PACKAGE "rkdeveloptool"
| #define VERSION "1.32"
| /* end confdefs.h.  */
| #include <ac_nonexistent.h>
configure:5269: checking whether make sets $(MAKE)
configure:5292: result: yes
configure:5302: checking whether ln -s works
configure:5306: result: yes
configure:5320: checking build system type
configure:5335: result: x86_64-pc-linux-gnu
configure:5355: checking host system type
configure:5369: result: x86_64-pc-linux-gnu
configure:5462: checking for pkg-config
configure:5485: found /usr/bin/pkg-config
configure:5497: result: /usr/bin/pkg-config
configure:5522: checking pkg-config is at least version 0.9.0
configure:5525: result: yes
configure:5535: checking for libusb-1.0
configure:5542: $PKG_CONFIG --exists --print-errors "libusb-1.0"
configure:5545: $? = 0
configure:5559: $PKG_CONFIG --exists --print-errors "libusb-1.0"
configure:5562: $? = 0
configure:5620: result: yes
configure:5728: checking that generated files are newer than configure
configure:5734: result: done
configure:5761: creating ./config.status

## ---------------------- ##
## Running config.status. ##
## ---------------------- ##

This file was extended by Rockchip rkdeveloptool config.status 1.32, which was
generated by GNU Autoconf 2.71.  Invocation command line was

  CONFIG_FILES    = 
  CONFIG_HEADERS  = 
  CONFIG_LINKS    = 
  CONFIG_COMMANDS = 
  $ ./config.status 

on 7945HX

config.status:858: creating Makefile
config.status:858: creating cfg/config.h
config.status:1087: executing depfiles commands
config.status:1164: cd .       && sed -e '/# am--include-marker/d' Makefile         | make -f - am--depfiles
config.status:1169: $? = 0

## ---------------- ##
## Cache variables. ##
## ---------------- ##

ac_cv_build=x86_64-pc-linux-gnu
ac_cv_c_compiler_gnu=yes
ac_cv_cxx_compiler_gnu=yes
ac_cv_env_CCC_set=
ac_cv_env_CCC_value=
ac_cv_env_CC_set=
ac_cv_env_CC_value=
ac_cv_env_CFLAGS_set=
ac_cv_env_CFLAGS_value=
ac_cv_env_CPPFLAGS_set=
ac_cv_env_CPPFLAGS_value=
ac_cv_env_CPP_set=
ac_cv_env_CPP_value=
ac_cv_env_CXXCPP_set=
ac_cv_env_CXXCPP_value=
ac_cv_env_CXXFLAGS_set=
ac_cv_env_CXXFLAGS_value=
ac_cv_env_CXX_set=
ac_cv_env_CXX_value=
ac_cv_env_LDFLAGS_set=
ac_cv_env_LDFLAGS_value=
ac_cv_env_LIBS_set=
ac_cv_env_LIBS_value=
ac_cv_env_LIBUSB1_CFLAGS_set=
ac_cv_env_LIBUSB1_CFLAGS_value=
ac_cv_env_LIBUSB1_LIBS_set=
ac_cv_env_LIBUSB1_LIBS_value=
ac_cv_env_PKG_CONFIG_LIBDIR_set=
ac_cv_env_PKG_CONFIG_LIBDIR_value=
ac_cv_env_PKG_CONFIG_PATH_set=
ac_cv_env_PKG_CONFIG_PATH_value=
ac_cv_env_PKG_CONFIG_set=
ac_cv_env_PKG_CONFIG_value=
ac_cv_env_build_alias_set=
ac_cv_env_build_alias_value=
ac_cv_env_host_alias_set=
ac_cv_env_host_alias_value=
ac_cv_env_target_alias_set=
ac_cv_env_target_alias_value=
ac_cv_host=x86_64-pc-linux-gnu
ac_cv_objext=o
ac_cv_path_ac_pt_PKG_CONFIG=/usr/bin/pkg-config
ac_cv_path_install='/usr/bin/install -c'
ac_cv_path_mkdir=/usr/bin/mkdir
ac_cv_prog_AWK=gawk
ac_cv_prog_CPP='gcc -E'
ac_cv_prog_CXXCPP='g++ -E'
ac_cv_prog_ac_ct_CC=gcc
ac_cv_prog_ac_ct_CXX=g++
ac_cv_prog_cc_c11=
ac_cv_prog_cc_g=yes
ac_cv_prog_cc_stdc=
ac_cv_prog_cxx_cxx11=
ac_cv_prog_cxx_g=yes
ac_cv_prog_cxx_stdcxx=
ac_cv_prog_make_make_set=yes
am_cv_CC_dependencies_compiler_type=gcc3
am_cv_CXX_dependencies_compiler_type=gcc3
am_cv_make_support_nested_variables=yes
am_cv_prog_cc_c_o=yes
pkg_cv_LIBUSB1_CFLAGS='-I/usr/include/libusb-1.0 '
pkg_cv_LIBUSB1_LIBS='-lusb-1.0 '

## ----------------- ##
## Output variables. ##
## ----------------- ##

ACLOCAL='${SHELL} '\''/rockchip/rkdeveloptool.git/cfg/missing'\'' aclocal-1.16'
AMDEPBACKSLASH='\'
AMDEP_FALSE='#'
AMDEP_TRUE=''
AMTAR='$${TAR-tar}'
AM_BACKSLASH='\'
AM_DEFAULT_V='$(AM_DEFAULT_VERBOSITY)'
AM_DEFAULT_VERBOSITY='1'
AM_V='$(V)'
AUTOCONF='${SHELL} '\''/rockchip/rkdeveloptool.git/cfg/missing'\'' autoconf'
AUTOHEADER='${SHELL} '\''/rockchip/rkdeveloptool.git/cfg/missing'\'' autoheader'
AUTOMAKE='${SHELL} '\''/rockchip/rkdeveloptool.git/cfg/missing'\'' automake-1.16'
AWK='gawk'
CC='gcc'
CCDEPMODE='depmode=gcc3'
CFLAGS='-g -O2'
CPP='gcc -E'
CPPFLAGS=''
CSCOPE='cscope'
CTAGS='ctags'
CXX='g++'
CXXCPP='g++ -E'
CXXDEPMODE='depmode=gcc3'
CXXFLAGS='-g -O2'
CYGPATH_W='echo'
DEFS='-DHAVE_CONFIG_H'
DEPDIR='.deps'
ECHO_C=''
ECHO_N='-n'
ECHO_T=''
ETAGS='etags'
EXEEXT=''
INSTALL_DATA='${INSTALL} -m 644'
INSTALL_PROGRAM='${INSTALL}'
INSTALL_SCRIPT='${INSTALL}'
INSTALL_STRIP_PROGRAM='$(install_sh) -c -s'
LDFLAGS=''
LIBOBJS=''
LIBS=''
LIBUSB1_CFLAGS='-I/usr/include/libusb-1.0 '
LIBUSB1_LIBS='-lusb-1.0 '
LN_S='ln -s'
LTLIBOBJS=''
MAKEINFO='${SHELL} '\''/rockchip/rkdeveloptool.git/cfg/missing'\'' makeinfo'
MKDIR_P='/usr/bin/mkdir -p'
OBJEXT='o'
PACKAGE='rkdeveloptool'
PACKAGE_BUGREPORT='Eddie Cai <eddie.cai.linux@gmail.com>'
PACKAGE_NAME='Rockchip rkdeveloptool'
PACKAGE_STRING='Rockchip rkdeveloptool 1.32'
PACKAGE_TARNAME='rkdeveloptool'
PACKAGE_URL=''
PACKAGE_VERSION='1.32'
PATH_SEPARATOR=':'
PKG_CONFIG='/usr/bin/pkg-config'
PKG_CONFIG_LIBDIR=''
PKG_CONFIG_PATH=''
SET_MAKE=''
SHELL='/bin/bash'
STRIP=''
VERSION='1.32'
ac_ct_CC='gcc'
ac_ct_CXX='g++'
am__EXEEXT_FALSE=''
am__EXEEXT_TRUE='#'
am__fastdepCC_FALSE='#'
am__fastdepCC_TRUE=''
am__fastdepCXX_FALSE='#'
am__fastdepCXX_TRUE=''
am__include='include'
am__isrc=''
am__leading_dot='.'
am__nodep='_no'
am__quote=''
am__tar='$${TAR-tar} chof - "$$tardir"'
am__untar='$${TAR-tar} xf -'
bindir='${exec_prefix}/bin'
build='x86_64-pc-linux-gnu'
build_alias=''
build_cpu='x86_64'
build_os='linux-gnu'
build_vendor='pc'
datadir='${datarootdir}'
datarootdir='${prefix}/share'
docdir='${datarootdir}/doc/${PACKAGE_TARNAME}'
dvidir='${docdir}'
exec_prefix='${prefix}'
host='x86_64-pc-linux-gnu'
host_alias=''
host_cpu='x86_64'
host_os='linux-gnu'
host_vendor='pc'
htmldir='${docdir}'
includedir='${prefix}/include'
infodir='${datarootdir}/info'
install_sh='${SHELL} /rockchip/rkdeveloptool.git/cfg/install-sh'
libdir='${exec_prefix}/lib'
libexecdir='${exec_prefix}/libexec'
localedir='${datarootdir}/locale'
localstatedir='${prefix}/var'
mandir='${datarootdir}/man'
mkdir_p='$(MKDIR_P)'
oldincludedir='/usr/include'
pdfdir='${docdir}'
prefix='/usr/local'
program_transform_name='s,x,x,'
psdir='${docdir}'
runstatedir='${localstatedir}/run'
sbindir='${exec_prefix}/sbin'
sharedstatedir='${prefix}/com'
sysconfdir='${prefix}/etc'
target_alias=''

## ----------- ##
## confdefs.h. ##
## ----------- ##

/* confdefs.h */
#define PACKAGE_NAME "Rockchip rkdeveloptool"
#define PACKAGE_TARNAME "rkdeveloptool"
#define PACKAGE_VERSION "1.32"
#define PACKAGE_STRING "Rockchip rkdeveloptool 1.32"
#define PACKAGE_BUGREPORT "Eddie Cai <eddie.cai.linux@gmail.com>"
#define PACKAGE_URL ""
#define PACKAGE "rkdeveloptool"
#define VERSION "1.32"

configure: exit 0
