
Running `apk add --root /target --initdb alpine-base openrc busybox-initscripts dropbear gcompat` at 2026-08-23 09:23:28
apk-tools 3.0.6-r0, compiled for x86_64.
ERROR: unable to select packages:
  busybox-initscripts (no such package):
    required by: world[busybox-initscripts]

Running `apk add --root /target --initdb alpine-base openrc dropbear gcompat` at 2026-08-23 09:24:02
apk-tools 3.0.6-r0, compiled for x86_64.
( 1/18) Installing bridge (1.5-r5)
( 2/18) Installing ifupdown-ng (0.13.0-r0)
( 3/18) Installing openrc-user (0.63.2-r0)
( 4/18) Installing libcap2 (2.78-r0)
( 5/18) Installing openrc (0.63.2-r0)
  Executing openrc-0.63.2-r0.post-install
( 6/18) Installing mdev-conf (4.10-r0)
( 7/18) Installing busybox-mdev-openrc (1.37.0-r31)
( 8/18) Installing alpine-conf (3.22.0-r0)
( 9/18) Installing busybox-openrc (1.37.0-r31)
(10/18) Installing busybox-suid (1.37.0-r31)
(11/18) Installing alpine-base (3.24.1-r0)
(12/18) Installing skalibs-libs (2.15.0.0-r0)
(13/18) Installing utmps-libs (0.1.3.3-r0)
(14/18) Installing dropbear (2026.91-r0)
(15/18) Installing dropbear-openrc (2026.91-r0)
(16/18) Installing musl-obstack (1.2.3-r2)
(17/18) Installing libucontext (1.5.1-r0)
(18/18) Installing gcompat (1.1.0-r4)
Executing busybox-1.37.0-r31.trigger
OK: 14.3 MiB in 34 packages

Running `apk add pciutils` at 2026-08-25 14:12:35
apk-tools 3.0.6-r0, compiled for aarch64.
WARNING: updating and opening http://dl-cdn.alpinelinux.org/alpine/v3.24/main/aarch64/APKINDEX.tar.gz: DNS: transient error (try again later)

Running `apk add pciutils` at 2026-08-25 14:13:26
apk-tools 3.0.6-r0, compiled for aarch64.
(1/3) Installing hwdata-pci (0.408-r0)
(2/3) Installing pciutils-libs (3.15.0-r0)
(3/3) Installing pciutils (3.15.0-r0)
Executing busybox-1.37.0-r31.trigger
OK: 16.2 MiB in 37 packages

Running `apk add util-linux` at 2026-08-25 14:13:33
apk-tools 3.0.6-r0, compiled for aarch64.
( 1/36) Installing util-linux (2.42.1-r0)
( 2/36) Installing ncurses-terminfo-base (6.6_p20260516-r0)
( 3/36) Installing libncursesw (6.6_p20260516-r0)
( 4/36) Installing dmesg (2.42.1-r0)
( 5/36) Installing setarch (2.42.1-r0)
( 6/36) Installing libeconf (0.8.3-r0)
( 7/36) Installing libblkid (2.42.1-r0)
( 8/36) Installing libuuid (2.42.1-r0)
( 9/36) Installing libfdisk (2.42.1-r0)
(10/36) Installing libmount (2.42.1-r0)
(11/36) Installing libsmartcols (2.42.1-r0)
(12/36) Installing util-linux-misc (2.42.1-r0)
(13/36) Installing linux-pam (1.7.1-r2)
(14/36) Installing runuser (2.42.1-r0)
(15/36) Installing mount (2.42.1-r0)
(16/36) Installing losetup (2.42.1-r0)
(17/36) Installing hexdump (2.42.1-r0)
(18/36) Installing uuidgen (2.42.1-r0)
(19/36) Installing blkid (2.42.1-r0)
(20/36) Installing sfdisk (2.42.1-r0)
(21/36) Installing mcookie (2.42.1-r0)
(22/36) Installing agetty (2.42.1-r0)
(23/36) Installing agetty-openrc (0.63.2-r0)
(24/36) Installing wipefs (2.42.1-r0)
(25/36) Installing cfdisk (2.42.1-r0)
(26/36) Installing umount (2.42.1-r0)
(27/36) Installing util-linux-openrc (2.42.1-r0)
(28/36) Installing flock (2.42.1-r0)
(29/36) Installing lsblk (2.42.1-r0)
(30/36) Installing libcap-ng (0.8.5-r2)
(31/36) Installing setpriv (2.42.1-r0)
(32/36) Installing lscpu (2.42.1-r0)
(33/36) Installing logger (2.42.1-r0)
(34/36) Installing partx (2.42.1-r0)
(35/36) Installing fstrim (2.42.1-r0)
(36/36) Installing findmnt (2.42.1-r0)
Executing busybox-1.37.0-r31.trigger
OK: 28.7 MiB in 73 packages

Running `apk add lvm2` at 2026-08-25 14:13:43
apk-tools 3.0.6-r0, compiled for aarch64.
(1/6) Installing libaio (0.3.113-r2)
(2/6) Installing device-mapper-libs (2.03.35-r3)
(3/6) Installing device-mapper-event-libs (2.03.35-r3)
(4/6) Installing lvm2-libs (2.03.35-r2)
(5/6) Installing lvm2 (2.03.35-r2)
(6/6) Installing lvm2-openrc (2.03.35-r2)
Executing busybox-1.37.0-r31.trigger
OK: 33.8 MiB in 79 packages

Running `apk add dnsmasq` at 2026-08-25 14:19:35
apk-tools 3.0.6-r0, compiled for aarch64.
(1/3) Installing dnsmasq-common (2.92_p2-r0)
(2/3) Installing dnsmasq-openrc (2.92_p2-r0)
(3/3) Installing dnsmasq (2.92_p2-r0)
  Executing dnsmasq-2.92_p2-r0.pre-install
Executing busybox-1.37.0-r31.trigger
OK: 34.3 MiB in 82 packages

Running `apk add --no-cache dnsmasq bridge` at 2026-08-25 14:21:54
apk-tools 3.0.6-r0, compiled for aarch64.
OK: 34.3 MiB in 82 packages

Running `apk add dnsmasq bridge` at 2026-08-25 14:22:01
apk-tools 3.0.6-r0, compiled for aarch64.
OK: 34.3 MiB in 82 packages

Running `apk add dnsmasq bridge htop` at 2026-08-25 14:22:03
apk-tools 3.0.6-r0, compiled for aarch64.
(1/2) Installing lsof (4.99.6-r0)
(2/2) Installing htop (3.5.3-r0)
Executing busybox-1.37.0-r31.trigger
OK: 34.8 MiB in 84 packages

Running `apk add dhcpd` at 2026-08-25 14:46:12
apk-tools 3.0.6-r0, compiled for aarch64.
ERROR: unable to select packages:
  dhcpd (no such package):
    required by: world[dhcpd]

Running `apk add dhcpcd` at 2026-08-25 14:46:21
apk-tools 3.0.6-r0, compiled for aarch64.
(1/2) Installing dhcpcd (10.3.2-r0)
  Executing dhcpcd-10.3.2-r0.pre-install
(2/2) Installing dhcpcd-openrc (10.3.2-r0)
Executing busybox-1.37.0-r31.trigger
OK: 35.2 MiB in 86 packages

Running `apk add openssh-server` at 2026-08-25 15:33:29
apk-tools 3.0.6-r0, compiled for aarch64.
(1/4) Installing openssh-keygen (10.3_p1-r0)
(2/4) Installing openssh-server-common (10.3_p1-r0)
(3/4) Installing openssh-server-common-openrc (10.3_p1-r0)
(4/4) Installing openssh-server (10.3_p1-r0)
Executing busybox-1.37.0-r31.trigger
OK: 37.5 MiB in 90 packages

Running `apk add ethtool` at 2026-08-25 15:36:29
apk-tools 3.0.6-r0, compiled for aarch64.
(1/3) Installing libmnl (1.0.5-r2)
(2/3) Installing ethtool (7.0-r0)
(3/3) Installing ifupdown-ng-ethtool (0.13.0-r0)
Executing busybox-1.37.0-r31.trigger
OK: 38.3 MiB in 93 packages

Running `apk add lvm2` at 2026-08-25 15:36:33
apk-tools 3.0.6-r0, compiled for aarch64.
OK: 38.3 MiB in 93 packages

Running `apk add openvpn` at 2026-08-25 15:36:37
apk-tools 3.0.6-r0, compiled for aarch64.
( 1/10) Installing zstd-libs (1.5.7-r2)
( 2/10) Installing libelf (0.195-r0)
( 3/10) Installing iproute2-minimal (7.0.0-r0)
( 4/10) Installing ifupdown-ng-iproute2 (0.13.0-r0)
( 5/10) Installing lz4-libs (1.10.0-r1)
( 6/10) Installing lzo (2.10-r5)
( 7/10) Installing libnl3 (3.11.0-r0)
( 8/10) Installing pkcs11-helper (1.31.0-r0)
( 9/10) Installing openvpn (2.7.5-r0)
  Executing openvpn-2.7.5-r0.pre-install
(10/10) Installing openvpn-openrc (2.7.5-r0)
Executing busybox-1.37.0-r31.trigger
OK: 42.2 MiB in 103 packages

Running `apk add tmux` at 2026-08-25 15:36:56
apk-tools 3.0.6-r0, compiled for aarch64.
(1/2) Installing libevent (2.1.13-r0)
(2/2) Installing tmux (3.7c-r0)
Executing busybox-1.37.0-r31.trigger
OK: 43.8 MiB in 105 packages

Running `apk add vim` at 2026-08-25 15:37:01
apk-tools 3.0.6-r0, compiled for aarch64.
(1/3) Installing vim-common (9.2.0854-r0)
(2/3) Installing xxd (9.2.0854-r0)
(3/3) Installing vim (9.2.0854-r0)
Executing busybox-1.37.0-r31.trigger
OK: 73.8 MiB in 108 packages

Running `apk add lrzsz` at 2026-08-25 15:37:07
apk-tools 3.0.6-r0, compiled for aarch64.
ERROR: unable to select packages:
  lrzsz (no such package):
    required by: world[lrzsz]

Running `apk del vim` at 2026-08-25 15:41:08
apk-tools 3.0.6-r0, compiled for aarch64.
(1/3) Purging vim (9.2.0854-r0)
(2/3) Purging vim-common (9.2.0854-r0)
(3/3) Purging xxd (9.2.0854-r0)
Executing busybox-1.37.0-r31.trigger
OK: 43.8 MiB in 105 packages

Running `apk del tmux` at 2026-08-25 15:45:49
apk-tools 3.0.6-r0, compiled for aarch64.
(1/2) Purging tmux (3.7c-r0)
(2/2) Purging libevent (2.1.13-r0)
Executing busybox-1.37.0-r31.trigger
OK: 42.2 MiB in 103 packages

Running `apk del openvpn` at 2026-08-25 15:45:52
apk-tools 3.0.6-r0, compiled for aarch64.
( 1/10) Purging ifupdown-ng-iproute2 (0.13.0-r0)
( 2/10) Purging openvpn-openrc (2.7.5-r0)
( 3/10) Purging openvpn (2.7.5-r0)
( 4/10) Purging iproute2-minimal (7.0.0-r0)
( 5/10) Purging pkcs11-helper (1.31.0-r0)
( 6/10) Purging libelf (0.195-r0)
( 7/10) Purging libnl3 (3.11.0-r0)
( 8/10) Purging lz4-libs (1.10.0-r1)
( 9/10) Purging lzo (2.10-r5)
(10/10) Purging zstd-libs (1.5.7-r2)
Executing busybox-1.37.0-r31.trigger
OK: 38.3 MiB in 93 packages

Running `apk add ovs` at 2026-08-26 15:45:48
apk-tools 3.0.6-r0, compiled for aarch64.
ERROR: unable to select packages:
  ovs (no such package):
    required by: world[ovs]

Running `apk add openvswitch openvswitch-openrc` at 2026-08-26 15:47:56
apk-tools 3.0.6-r0, compiled for aarch64.
(1/3) Installing openvswitch-libs (3.7.1-r0)
(2/3) Installing openvswitch (3.7.1-r0)
(3/3) Installing openvswitch-openrc (3.7.1-r0)
Executing busybox-1.37.0-r31.trigger
OK: 43.5 MiB in 96 packages

Running `apk add openvswitch-openrc` at 2026-08-26 15:49:34
apk-tools 3.0.6-r0, compiled for aarch64.
OK: 43.5 MiB in 96 packages
